{
  "categories": [
    [
      "broken",
      0,
      {
        "Plain": [
          {
            "color_idx": 0,
            "name": "ghost.missing",
            "res": "broken",
            "runs": [
              {
                "color_idx": 0,
                "log": "stable/gh/ghost.missing",
                "name_idx": 0
              },
              {
                "color_idx": 0,
                "log": "beta/gh/ghost.missing",
                "name_idx": 0
              }
            ],
            "url": "https://github.com/ghost/missing"
          }
        ]
      }
    ]
  ],
  "colors": [
    {
      "Single": "#44176e"
    }
  ],
  "crates_count": 1,
  "full": true,
  "info": {
    "broken": 1
  },
  "nav": [
    {
      "active": false,
      "label": "Summary",
      "url": "index.html"
    },
    {
      "active": true,
      "label": "Full report",
      "url": "full.html"
    },
    {
      "active": false,
      "label": "Downloads",
      "url": "downloads.html"
    }
  ],
  "result_names": [
    "missing repo"
  ]
}
