{
  "categories": [],
  "colors": [
    {
      "Striped": [
        "#494b4a",
        "#555555"
      ]
    },
    {
      "Single": "#72a156"
    },
    {
      "Striped": [
        "#72a156",
        "#80b65f"
      ]
    }
  ],
  "crates_count": 3,
  "full": false,
  "info": {
    "skipped": 1,
    "test-pass": 1,
    "test-skipped": 1
  },
  "nav": [
    {
      "active": true,
      "label": "Summary",
      "url": "index.html"
    },
    {
      "active": false,
      "label": "Full report",
      "url": "full.html"
    },
    {
      "active": false,
      "label": "Downloads",
      "url": "downloads.html"
    }
  ],
  "result_names": []
}
