{
  "categories": [],
  "colors": [
    {
      "Single": "#72a156"
    },
    {
      "Single": "#65461e"
    }
  ],
  "crates_count": 2,
  "full": false,
  "info": {
    "build-fail": 1,
    "test-pass": 1
  },
  "nav": [
    {
      "active": true,
      "label": "Summary",
      "url": "index.html"
    },
    {
      "active": false,
      "label": "Full report",
      "url": "full.html"
    },
    {
      "active": false,
      "label": "Downloads",
      "url": "downloads.html"
    }
  ],
  "result_names": []
}
